
>>> BaseGeometry = __import__('7-base_geometry').BaseGeometry

>>> bg = BaseGeometry()
>>> bg.integer_validator("width", 10)
>>> bg.integer_validator("width", -12)
Traceback (most recent call last):
...
ValueError: width must be greater than 0
>>> bg.integer_validator("width", 0)
Traceback (most recent call last):
...
ValueError: width must be greater than 0
>>> bg.integer_validator("width", "width")
Traceback (most recent call last):
...
TypeError: width must be an integer
>>> bg.area()
Traceback (most recent call last):
...
Exception: area() is not implemented
>>> bg.integer_validator()
Traceback (most recent call last):
...
TypeError: BaseGeometry.integer_validator() missing 2 required positional arguments: 'name' and 'value'
>>> bg.integer_validator("width")
Traceback (most recent call last):
...
TypeError: BaseGeometry.integer_validator() missing 1 required positional argument: 'value'
>>> bg.integer_validator("width", [1])
Traceback (most recent call last):
...
TypeError: width must be an integer
>>> bg.integer_validator("width", {3, 4})
Traceback (most recent call last):
...
TypeError: width must be an integer
>>> bg.integer_validator("width", None)
Traceback (most recent call last):
...
TypeError: width must be an integer
>>> bg.integer_validator("width", "None")
Traceback (most recent call last):
...
TypeError: width must be an integer
>>> bg.integer_validator("width", (1, ))
Traceback (most recent call last):
...
TypeError: width must be an integer
